// Jest Snapshot v1, https://goo.gl/fbAQLP

exports[`Test suits for Searchbar  should match with snapshot 1`] = `
.c0 {
  display: -webkit-box;
  display: -webkit-flex;
  display: -ms-flexbox;
  display: flex;
  min-height: 100px;
}

<section
  className="c0"
>
  <span>
    Search bar section
  </span>
</section>
`;
