// Jest Snapshot v1, https://goo.gl/fbAQLP

exports[`Test suits for Header Component should match with snapshot 1`] = `
.c2 {
  height: 100px;
  width: 100px;
}

.c3 {
  -webkit-align-items: center;
  -webkit-box-align: center;
  -ms-flex-align: center;
  align-items: center;
  display: -webkit-box;
  display: -webkit-flex;
  display: -ms-flexbox;
  display: flex;
  -webkit-flex-direction: column;
  -ms-flex-direction: column;
  flex-direction: column;
}

.c4 {
  color: white;
  font-size: 2rem;
}

.c5 {
  color: white;
  font-size: 1.5rem;
}

.c1 {
  display: -webkit-box;
  display: -webkit-flex;
  display: -ms-flexbox;
  display: flex;
  -webkit-flex-direction: row;
  -ms-flex-direction: row;
  flex-direction: row;
}

.c0 {
  -webkit-align-items: center;
  -webkit-box-align: center;
  -ms-flex-align: center;
  align-items: center;
  background-color: #282828;
  color: black;
  min-height: 60px;
  margin-bottom: 10px;
}

<header
  className="c0 c1"
>
  <a
    href="/"
    onClick={[Function]}
  >
    <img
      className="c2"
      src="logo.jpg"
    />
  </a>
  <div
    className="c3"
  >
    <h1
      className="c4"
    >
      Police Department of Berlin
    </h1>
    <h3
      className="c5"
    >
      Stolen bykes
    </h3>
  </div>
</header>
`;
